----------------------------------------------------------------------------------------------
      name:  <unnamed>
       log:  /Users/uddhav/Desktop/Undergrad Thesis/Banks-NPAs/Stata/Infrastructure Cov/infra_
> cov.log
  log type:  text
 opened on:  27 Aug 2025, 13:02:19

. drop _all

. *Import csv
. import delimited "Clean Data/infrastructure_cov.csv"
(encoding automatically selected: ISO-8859-1)
Note: Unmatched quote while processing row 2; this can be due to a formatting problem in the
    file or because a quoted data element spans multiple lines. You should carefully inspect
    your data after importing. Consider using option bindquote(strict) if quoted data spans
    multiple lines or option bindquote(nobind) if quotes are not used for binding data.
(57 vars, 3,346 obs)

. save "Stata/Infrastructure Cov/infra_cov.dta", replace
file Stata/Infrastructure Cov/infra_cov.dta saved

. *Load data
. use "Stata/Infrastructure Cov/infra_cov.dta", clear

. *drop variable with no info
. drop v1 rb22others_nan

. rename(rinfrastructure_nan ratransporta1toa8_nan ra5railways_nan ///
> ra6urbanpublictransportexceptrol ra7shipyards_nan ///
> ra8logisticsinfrastructure_nan rb11centralgovtpsus_nan rbenergyb1tob6_nan ///
> rb1electricitygeneration_nan rb21centralgovtpsus_nan ///
> rb22stateelectricityboards_nan rb2electricitytransmission_nan ///
> rb31centralgovtpsus_nan rb32stategovtpsusinclsebs_nan ///
> rb3electricitydistribution_nan rb4oilstorageandpipeline_nan ///
> rb5oilgasliquefiednaturalgaslngs rb6others_nan ///
> rc1solidwastemanagement_nan rcwaterandsanitationc1toc7_nan ///
> rc3watertreatmentplants_nan rc4watersanitation_nan ///
> rc5irrigationdamschannelsembankm rc6stormwaterdrainagesystem_nan ///
> rc7slurrypipelines_nan rdcommunicationd1to v31 v32 v33 v34 v35 v36 v37 v38 v39 ///
> v40 v45 v46 v47 v48 v49 v50 v51 v52 v53 v54 v55 v56 v57) ///
> (infrastructure transport railways urban_pub_transport shipyards ///
> logistics_infra logistic_govt_psu energy elec_gen elec_govt_psu ///
> state_elec_board elec_transmission elec_distr_govt_psu elec_distr_state ///
> elec_distr oil oil_storage oil_others solid_waste water_sanitation ///
> water_treatment water_sanitation_2 irrigation strom_water slurry_pipe ///
> communication telecom_twr soc_comm_infra edu_infra hospital tourism_hotels ///
> other_soc_comm fertilizer harv_storage terminal_mkt soil_testing roadways ///
> ports inland_water airport elec_gen_govt_psu elec_gen_private elec_distr_private ///
> water_supply telecom_ficed_net telecom cold_chain sports tourism_rope_cable)

. rename(v41 v42 v43 v44) ///
> (foreign_dummy private_dummy public_dummy small_finance_dummy)

. *quarter as datetime
. gen quarter_2 = quarterly(quarter, "YQ")
(1 missing value generated)

. format quarter_2 %tq

. drop quarter

. drop if quarter_2 ==.
(1 observation deleted)

. *sort data
. sort(banks quarter_2)

. order banks quarter_2

. save "Stata/Infrastructure Cov/infra_cov.dta", replace
file Stata/Infrastructure Cov/infra_cov.dta saved

. 
. save "Stata/Merged Cov/infra_cov.dta", replace
(file Stata/Merged Cov/infra_cov.dta not found)
file Stata/Merged Cov/infra_cov.dta saved

. 
. log close
      name:  <unnamed>
       log:  /Users/uddhav/Desktop/Undergrad Thesis/Banks-NPAs/Stata/Infrastructure Cov/infra_
> cov.log
  log type:  text
 closed on:  27 Aug 2025, 13:02:19
----------------------------------------------------------------------------------------------
