----------------------------------------------------------------------------------------------
      name:  <unnamed>
       log:  /Users/uddhav/Desktop/Undergrad Thesis/Banks-NPAs/Stata/NPAs/NPA_clean.log
  log type:  text
 opened on:  27 Aug 2025, 14:03:36

. drop _all

. **Import csv
. import delimited "Clean Data/asset_quality.csv"
(encoding automatically selected: ISO-8859-1)
(58 vars, 2,842 obs)

. save "Stata/NPAs/asset_quality.dta", replace
(file Stata/NPAs/asset_quality.dta not found)
file Stata/NPAs/asset_quality.dta saved

. *Load data
. use "Stata/NPAs/asset_quality.dta", clear

. *Dropping Global and overseas variables
. drop v1 grossadvances_globaloperation grossadvances_overseasoperation v8 v9 ///
> asubstandardadvances_globalopera asubstandardadvances_overseasope ///
> bdoubtfuladvances_globaloperatio bdoubtfuladvances_overseasoperat /// 
> clossadvances_globaloperation clossadvances_overseasoperation ///
> grossnpastogrossadvances_globalo grossnpastogrossadvances_oversea ///
> provisionsfornpasatendofthefy_gl provisionsfornpasatendofthefy_ov v26 v27 ///
> netadvances_globaloperation netadvances_overseasoperation /// 
> netnpas_globaloperation netnpas_overseasoperation /// 
> netnpastonetadvances_globalopera netnpastonetadvances_overseasope ///
> restructuredstandardadvances_glo restructuredstandardadvances_ove v41 v42 ///
> v44 v45 v47 v48 loanssoldtoarcsapriltodate_globa ///
> loanssoldtoarcsapriltodate_overs v53 v54

. *Renaming variables
. rename(grossadvances_domesticoperation grossnpasnpasattheendoftheperiod ///
> asubstandardadvances_domesticope bdoubtfuladvances_domesticoperat ///
> clossadvances_domesticoperation grossnpastogrossadvances_domesti ///
> provisionsfornpasatendofthefy_do provisioncoverageratiowriteoffad) ///
> (gross_advances gross_npas substandard_advances doubtful_advances ///
> loss_advances npas_to_advances_gross provision_npas provision_coverage)

. 
. rename(netadvances_domesticoperation netnpas_domesticoperation ///
> netnpastonetadvances_domesticope restructuredstandardadvances_dom ///
> restructuredstdadvtogrossadvance stressedadvancesgnpasreststdadv_ ///
> stressedadvancesgnpasreststdadvt loanssoldtoarcsapriltodate_domes ///
> lossorgainonloansalesapriltodate) ///
> (net_advances net_npas npas_to_advances_net restruct_stand_advances ///
> restruct_stand_adv_to_gross_adv stressed_adv stressed_adv_to_gross_npas ///
> loans_to_ARCs loss_gain)

. *IDBI is coded as both private & public
. browse if private_dummy == 1 & public_dummy == 1

. *Fix IDBI
. duplicates drop

Duplicates in terms of all variables

(31 observations deleted)

. replace private_dummy = 0 if (private_dummy == 1 & public_dummy == 1)
(31 real changes made)

. *quarter as datetime
. gen quarter_2 = quarterly(quarter, "YQ")

. format quarter_2 %tq

. drop quarter

. *sort data
. sort(banks quarter_2)

. order banks quarter_2

. save "Stata/NPAs/asset_quality.dta", replace
file Stata/NPAs/asset_quality.dta saved

. 
. save "Stata/Merged/asset_quality.dta", replace
(file Stata/Merged/asset_quality.dta not found)
file Stata/Merged/asset_quality.dta saved

. 
. log close
      name:  <unnamed>
       log:  /Users/uddhav/Desktop/Undergrad Thesis/Banks-NPAs/Stata/NPAs/NPA_clean.log
  log type:  text
 closed on:  27 Aug 2025, 14:03:36
----------------------------------------------------------------------------------------------
